[VERBOSE] 2026-08-06 16:06:52 Forecast changed: 'Forecast high 86 degrees, low 79 degrees, air speed 10 mph' → 'Forecast high 88 degrees, low 77 degrees, air speed 9 mph'
[VERBOSE] 2026-08-06 16:06:52 Rain Chance changed: 'Chance of precipitation 7 percent' → 'Chance of precipitation 9 percent'
[VERBOSE] 2026-08-06 16:06:52 Alerts unchanged: 'No advisories'
[VERBOSE] 2026-08-06 16:06:52 Lightning unchanged: 'Lightning chance low in the area'
[VERBOSE] 2026-08-06 16:06:52 Wind changed: 'Wind from the south at 6 miles per hour' → 'Wind from the south at 12 miles per hour'
[VERBOSE] 2026-08-06 16:06:52 Visibility unchanged: 'Visibility 10 miles'
[VERBOSE] 2026-08-06 16:06:52 Humidity changed: '75%' → '79%'
[VERBOSE] 2026-08-06 16:06:52 Heat Index changed: '97F' → '94F'
[VERBOSE] 2026-08-06 16:06:52 Clouds unchanged: 'clear skies'
[VERBOSE] 2026-08-06 16:07:48 Forecast changed: 'Forecast high 88 degrees, low 77 degrees, air speed 9 mph' → 'Forecast high 86 degrees, low 79 degrees, air speed 10 mph'
[VERBOSE] 2026-08-06 16:07:48 Rain Chance changed: 'Chance of precipitation 9 percent' → 'Chance of precipitation 7 percent'
[VERBOSE] 2026-08-06 16:07:48 Alerts unchanged: 'No advisories'
[VERBOSE] 2026-08-06 16:07:48 Lightning unchanged: 'Lightning chance low in the area'
[VERBOSE] 2026-08-06 16:07:48 Wind changed: 'Wind from the south at 12 miles per hour' → 'Wind from the south at 6 miles per hour'
[VERBOSE] 2026-08-06 16:07:48 Visibility unchanged: 'Visibility 10 miles'
[VERBOSE] 2026-08-06 16:07:48 Humidity changed: '79%' → '75%'
[VERBOSE] 2026-08-06 16:07:48 Heat Index changed: '94F' → '97F'
[VERBOSE] 2026-08-06 16:07:48 Clouds unchanged: 'clear skies'
[VERBOSE] 2026-08-06 16:08:45 Forecast changed: 'Forecast high 86 degrees, low 79 degrees, air speed 10 mph' → 'Forecast high 88 degrees, low 77 degrees, air speed 9 mph'
[VERBOSE] 2026-08-06 16:08:45 Rain Chance changed: 'Chance of precipitation 7 percent' → 'Chance of precipitation 9 percent'
[VERBOSE] 2026-08-06 16:08:45 Alerts unchanged: 'No advisories'
[VERBOSE] 2026-08-06 16:08:45 Lightning unchanged: 'Lightning chance low in the area'
[VERBOSE] 2026-08-06 16:08:45 Wind changed: 'Wind from the south at 6 miles per hour' → 'Wind from the south at 12 miles per hour'
[VERBOSE] 2026-08-06 16:08:45 Visibility unchanged: 'Visibility 10 miles'
[VERBOSE] 2026-08-06 16:08:45 Humidity changed: '75%' → '79%'
[VERBOSE] 2026-08-06 16:08:45 Heat Index changed: '97F' → '94F'
[VERBOSE] 2026-08-06 16:08:45 Clouds unchanged: 'clear skies'
[VERBOSE] 2026-08-06 16:09:42 Forecast changed: 'Forecast high 88 degrees, low 77 degrees, air speed 9 mph' → 'Forecast high 86 degrees, low 79 degrees, air speed 10 mph'
[VERBOSE] 2026-08-06 16:09:42 Rain Chance changed: 'Chance of precipitation 9 percent' → 'Chance of precipitation 7 percent'
[VERBOSE] 2026-08-06 16:09:42 Alerts unchanged: 'No advisories'
[VERBOSE] 2026-08-06 16:09:42 Lightning unchanged: 'Lightning chance low in the area'
[VERBOSE] 2026-08-06 16:09:42 Wind changed: 'Wind from the south at 12 miles per hour' → 'Wind from the south at 6 miles per hour'
[VERBOSE] 2026-08-06 16:09:42 Visibility unchanged: 'Visibility 10 miles'
[VERBOSE] 2026-08-06 16:09:42 Humidity changed: '79%' → '75%'
[VERBOSE] 2026-08-06 16:09:42 Heat Index changed: '94F' → '97F'
[VERBOSE] 2026-08-06 16:09:42 Clouds unchanged: 'clear skies'
[VERBOSE] 2026-08-06 16:10:39 Forecast changed: 'Forecast high 86 degrees, low 79 degrees, air speed 10 mph' → 'Forecast high 88 degrees, low 77 degrees, air speed 9 mph'
[VERBOSE] 2026-08-06 16:10:39 Rain Chance changed: 'Chance of precipitation 7 percent' → 'Chance of precipitation 9 percent'
[VERBOSE] 2026-08-06 16:10:39 Alerts unchanged: 'No advisories'
[VERBOSE] 2026-08-06 16:10:39 Lightning unchanged: 'Lightning chance low in the area'
[VERBOSE] 2026-08-06 16:10:39 Wind changed: 'Wind from the south at 6 miles per hour' → 'Wind from the south at 12 miles per hour'
[VERBOSE] 2026-08-06 16:10:39 Visibility unchanged: 'Visibility 10 miles'
[VERBOSE] 2026-08-06 16:10:39 Humidity changed: '75%' → '79%'
[VERBOSE] 2026-08-06 16:10:39 Heat Index changed: '97F' → '94F'
[VERBOSE] 2026-08-06 16:10:39 Clouds unchanged: 'clear skies'
[VERBOSE] 2026-08-06 16:11:35 Forecast changed: 'Forecast high 88 degrees, low 77 degrees, air speed 9 mph' → 'Forecast high 86 degrees, low 79 degrees, air speed 10 mph'
[VERBOSE] 2026-08-06 16:11:35 Rain Chance changed: 'Chance of precipitation 9 percent' → 'Chance of precipitation 7 percent'
[VERBOSE] 2026-08-06 16:11:35 Alerts unchanged: 'No advisories'
[VERBOSE] 2026-08-06 16:11:35 Lightning unchanged: 'Lightning chance low in the area'
[VERBOSE] 2026-08-06 16:11:35 Wind changed: 'Wind from the south at 12 miles per hour' → 'Wind from the south at 6 miles per hour'
[VERBOSE] 2026-08-06 16:11:35 Visibility unchanged: 'Visibility 10 miles'
[VERBOSE] 2026-08-06 16:11:35 Humidity changed: '79%' → '75%'
[VERBOSE] 2026-08-06 16:11:35 Heat Index changed: '94F' → '97F'
[VERBOSE] 2026-08-06 16:11:35 Clouds unchanged: 'clear skies'
[VERBOSE] 2026-08-06 16:12:31 Forecast changed: 'Forecast high 86 degrees, low 79 degrees, air speed 10 mph' → 'Forecast high 88 degrees, low 77 degrees, air speed 9 mph'
[VERBOSE] 2026-08-06 16:12:31 Rain Chance changed: 'Chance of precipitation 7 percent' → 'Chance of precipitation 9 percent'
[VERBOSE] 2026-08-06 16:12:31 Alerts unchanged: 'No advisories'
[VERBOSE] 2026-08-06 16:12:31 Lightning unchanged: 'Lightning chance low in the area'
[VERBOSE] 2026-08-06 16:12:31 Wind changed: 'Wind from the south at 6 miles per hour' → 'Wind from the south at 12 miles per hour'
[VERBOSE] 2026-08-06 16:12:31 Visibility unchanged: 'Visibility 10 miles'
[VERBOSE] 2026-08-06 16:12:31 Humidity changed: '75%' → '79%'
[VERBOSE] 2026-08-06 16:12:31 Heat Index changed: '97F' → '94F'
[VERBOSE] 2026-08-06 16:12:31 Clouds unchanged: 'clear skies'
[VERBOSE] 2026-08-06 16:13:28 Forecast changed: 'Forecast high 88 degrees, low 77 degrees, air speed 9 mph' → 'Forecast high 86 degrees, low 79 degrees, air speed 10 mph'
[VERBOSE] 2026-08-06 16:13:28 Rain Chance changed: 'Chance of precipitation 9 percent' → 'Chance of precipitation 7 percent'
[VERBOSE] 2026-08-06 16:13:28 Alerts unchanged: 'No advisories'
[VERBOSE] 2026-08-06 16:13:28 Lightning unchanged: 'Lightning chance low in the area'
[VERBOSE] 2026-08-06 16:13:28 Wind changed: 'Wind from the south at 12 miles per hour' → 'Wind from the south at 6 miles per hour'
[VERBOSE] 2026-08-06 16:13:28 Visibility unchanged: 'Visibility 10 miles'
[VERBOSE] 2026-08-06 16:13:28 Humidity changed: '79%' → '75%'
[VERBOSE] 2026-08-06 16:13:28 Heat Index changed: '94F' → '97F'
[VERBOSE] 2026-08-06 16:13:28 Clouds unchanged: 'clear skies'
[VERBOSE] 2026-08-06 16:14:24 Forecast changed: 'Forecast high 86 degrees, low 79 degrees, air speed 10 mph' → 'Forecast high 88 degrees, low 77 degrees, air speed 9 mph'
[VERBOSE] 2026-08-06 16:14:24 Rain Chance changed: 'Chance of precipitation 7 percent' → 'Chance of precipitation 9 percent'
[VERBOSE] 2026-08-06 16:14:24 Alerts unchanged: 'No advisories'
[VERBOSE] 2026-08-06 16:14:24 Lightning unchanged: 'Lightning chance low in the area'
[VERBOSE] 2026-08-06 16:14:24 Wind changed: 'Wind from the south at 6 miles per hour' → 'Wind from the south at 12 miles per hour'
[VERBOSE] 2026-08-06 16:14:24 Visibility unchanged: 'Visibility 10 miles'
[VERBOSE] 2026-08-06 16:14:24 Humidity changed: '75%' → '79%'
[VERBOSE] 2026-08-06 16:14:24 Heat Index changed: '97F' → '94F'
[VERBOSE] 2026-08-06 16:14:24 Clouds unchanged: 'clear skies'
[VERBOSE] 2026-08-06 16:15:20 Forecast changed: 'Forecast high 88 degrees, low 77 degrees, air speed 9 mph' → 'Forecast high 86 degrees, low 79 degrees, air speed 10 mph'
[VERBOSE] 2026-08-06 16:15:20 Rain Chance changed: 'Chance of precipitation 9 percent' → 'Chance of precipitation 7 percent'
[VERBOSE] 2026-08-06 16:15:20 Alerts unchanged: 'No advisories'
[VERBOSE] 2026-08-06 16:15:20 Lightning unchanged: 'Lightning chance low in the area'
[VERBOSE] 2026-08-06 16:15:20 Wind changed: 'Wind from the south at 12 miles per hour' → 'Wind from the south at 6 miles per hour'
[VERBOSE] 2026-08-06 16:15:20 Visibility unchanged: 'Visibility 10 miles'
[VERBOSE] 2026-08-06 16:15:20 Humidity changed: '79%' → '75%'
[VERBOSE] 2026-08-06 16:15:20 Heat Index changed: '94F' → '97F'
[VERBOSE] 2026-08-06 16:15:20 Clouds unchanged: 'clear skies'
[VERBOSE] 2026-08-06 16:16:17 Forecast changed: 'Forecast high 86 degrees, low 79 degrees, air speed 10 mph' → 'Forecast high 88 degrees, low 77 degrees, air speed 9 mph'
[VERBOSE] 2026-08-06 16:16:17 Rain Chance changed: 'Chance of precipitation 7 percent' → 'Chance of precipitation 9 percent'
[VERBOSE] 2026-08-06 16:16:17 Alerts unchanged: 'No advisories'
[VERBOSE] 2026-08-06 16:16:17 Lightning unchanged: 'Lightning chance low in the area'
[VERBOSE] 2026-08-06 16:16:17 Wind changed: 'Wind from the south at 6 miles per hour' → 'Wind from the south at 12 miles per hour'
[VERBOSE] 2026-08-06 16:16:17 Visibility unchanged: 'Visibility 10 miles'
[VERBOSE] 2026-08-06 16:16:17 Humidity changed: '75%' → '79%'
[VERBOSE] 2026-08-06 16:16:17 Heat Index changed: '97F' → '94F'
[VERBOSE] 2026-08-06 16:16:17 Clouds unchanged: 'clear skies'
[VERBOSE] 2026-08-06 16:17:13 Forecast changed: 'Forecast high 88 degrees, low 77 degrees, air speed 9 mph' → 'Forecast high 86 degrees, low 79 degrees, air speed 10 mph'
[VERBOSE] 2026-08-06 16:17:13 Rain Chance changed: 'Chance of precipitation 9 percent' → 'Chance of precipitation 7 percent'
[VERBOSE] 2026-08-06 16:17:13 Alerts unchanged: 'No advisories'
[VERBOSE] 2026-08-06 16:17:13 Lightning unchanged: 'Lightning chance low in the area'
[VERBOSE] 2026-08-06 16:17:13 Wind changed: 'Wind from the south at 12 miles per hour' → 'Wind from the south at 6 miles per hour'
[VERBOSE] 2026-08-06 16:17:13 Visibility unchanged: 'Visibility 10 miles'
[VERBOSE] 2026-08-06 16:17:13 Humidity changed: '79%' → '75%'
[VERBOSE] 2026-08-06 16:17:13 Heat Index changed: '94F' → '97F'
[VERBOSE] 2026-08-06 16:17:13 Clouds unchanged: 'clear skies'
[VERBOSE] 2026-08-06 16:18:10 Forecast changed: 'Forecast high 86 degrees, low 79 degrees, air speed 10 mph' → 'Forecast high 88 degrees, low 77 degrees, air speed 9 mph'
[VERBOSE] 2026-08-06 16:18:10 Rain Chance changed: 'Chance of precipitation 7 percent' → 'Chance of precipitation 9 percent'
[VERBOSE] 2026-08-06 16:18:10 Alerts unchanged: 'No advisories'
[VERBOSE] 2026-08-06 16:18:10 Lightning unchanged: 'Lightning chance low in the area'
[VERBOSE] 2026-08-06 16:18:10 Wind changed: 'Wind from the south at 6 miles per hour' → 'Wind from the south at 12 miles per hour'
[VERBOSE] 2026-08-06 16:18:10 Visibility unchanged: 'Visibility 10 miles'
[VERBOSE] 2026-08-06 16:18:10 Humidity changed: '75%' → '79%'
[VERBOSE] 2026-08-06 16:18:10 Heat Index changed: '97F' → '94F'
[VERBOSE] 2026-08-06 16:18:10 Clouds unchanged: 'clear skies'
[VERBOSE] 2026-08-06 16:19:06 Forecast changed: 'Forecast high 88 degrees, low 77 degrees, air speed 9 mph' → 'Forecast high 86 degrees, low 79 degrees, air speed 10 mph'
[VERBOSE] 2026-08-06 16:19:06 Rain Chance changed: 'Chance of precipitation 9 percent' → 'Chance of precipitation 7 percent'
[VERBOSE] 2026-08-06 16:19:06 Alerts unchanged: 'No advisories'
[VERBOSE] 2026-08-06 16:19:06 Lightning unchanged: 'Lightning chance low in the area'
[VERBOSE] 2026-08-06 16:19:06 Wind changed: 'Wind from the south at 12 miles per hour' → 'Wind from the south at 6 miles per hour'
[VERBOSE] 2026-08-06 16:19:06 Visibility unchanged: 'Visibility 10 miles'
[VERBOSE] 2026-08-06 16:19:07 Humidity changed: '79%' → '75%'
[VERBOSE] 2026-08-06 16:19:07 Heat Index changed: '94F' → '97F'
[VERBOSE] 2026-08-06 16:19:07 Clouds unchanged: 'clear skies'
[VERBOSE] 2026-08-06 16:20:03 Forecast changed: 'Forecast high 86 degrees, low 79 degrees, air speed 10 mph' → 'Forecast high 88 degrees, low 77 degrees, air speed 9 mph'
[VERBOSE] 2026-08-06 16:20:03 Rain Chance changed: 'Chance of precipitation 7 percent' → 'Chance of precipitation 9 percent'
[VERBOSE] 2026-08-06 16:20:03 Alerts unchanged: 'No advisories'
[VERBOSE] 2026-08-06 16:20:03 Lightning unchanged: 'Lightning chance low in the area'
[VERBOSE] 2026-08-06 16:20:03 Wind changed: 'Wind from the south at 6 miles per hour' → 'Wind from the south at 12 miles per hour'
[VERBOSE] 2026-08-06 16:20:03 Visibility unchanged: 'Visibility 10 miles'
[VERBOSE] 2026-08-06 16:20:03 Humidity changed: '75%' → '79%'
[VERBOSE] 2026-08-06 16:20:03 Heat Index changed: '97F' → '94F'
[VERBOSE] 2026-08-06 16:20:03 Clouds unchanged: 'clear skies'
[VERBOSE] 2026-08-06 16:20:59 Forecast changed: 'Forecast high 88 degrees, low 77 degrees, air speed 9 mph' → 'Forecast high 86 degrees, low 79 degrees, air speed 10 mph'
[VERBOSE] 2026-08-06 16:20:59 Rain Chance changed: 'Chance of precipitation 9 percent' → 'Chance of precipitation 7 percent'
[VERBOSE] 2026-08-06 16:20:59 Alerts unchanged: 'No advisories'
[VERBOSE] 2026-08-06 16:20:59 Lightning unchanged: 'Lightning chance low in the area'
[VERBOSE] 2026-08-06 16:20:59 Wind changed: 'Wind from the south at 12 miles per hour' → 'Wind from the south at 6 miles per hour'
[VERBOSE] 2026-08-06 16:20:59 Visibility unchanged: 'Visibility 10 miles'
[VERBOSE] 2026-08-06 16:20:59 Humidity changed: '79%' → '75%'
[VERBOSE] 2026-08-06 16:20:59 Heat Index changed: '94F' → '97F'
[VERBOSE] 2026-08-06 16:20:59 Clouds unchanged: 'clear skies'
[VERBOSE] 2026-08-06 16:21:55 Forecast changed: 'Forecast high 86 degrees, low 79 degrees, air speed 10 mph' → 'Forecast high 88 degrees, low 77 degrees, air speed 9 mph'
[VERBOSE] 2026-08-06 16:21:55 Rain Chance changed: 'Chance of precipitation 7 percent' → 'Chance of precipitation 9 percent'
[VERBOSE] 2026-08-06 16:21:56 Alerts unchanged: 'No advisories'
[VERBOSE] 2026-08-06 16:21:56 Lightning unchanged: 'Lightning chance low in the area'
[VERBOSE] 2026-08-06 16:21:56 Wind changed: 'Wind from the south at 6 miles per hour' → 'Wind from the south at 12 miles per hour'
[VERBOSE] 2026-08-06 16:21:56 Visibility unchanged: 'Visibility 10 miles'
[VERBOSE] 2026-08-06 16:21:56 Humidity changed: '75%' → '79%'
[VERBOSE] 2026-08-06 16:21:56 Heat Index changed: '97F' → '94F'
[VERBOSE] 2026-08-06 16:21:56 Clouds unchanged: 'clear skies'
[VERBOSE] 2026-08-06 16:22:52 Forecast changed: 'Forecast high 88 degrees, low 77 degrees, air speed 9 mph' → 'Forecast high 86 degrees, low 79 degrees, air speed 10 mph'
[VERBOSE] 2026-08-06 16:22:52 Rain Chance changed: 'Chance of precipitation 9 percent' → 'Chance of precipitation 7 percent'
[VERBOSE] 2026-08-06 16:22:52 Alerts unchanged: 'No advisories'
[VERBOSE] 2026-08-06 16:22:52 Lightning unchanged: 'Lightning chance low in the area'
[VERBOSE] 2026-08-06 16:22:52 Wind changed: 'Wind from the south at 12 miles per hour' → 'Wind from the south at 7 miles per hour'
[VERBOSE] 2026-08-06 16:22:52 Visibility unchanged: 'Visibility 10 miles'
[VERBOSE] 2026-08-06 16:22:52 Humidity changed: '79%' → '66%'
[VERBOSE] 2026-08-06 16:22:52 Heat Index changed: '94F' → '93F'
[VERBOSE] 2026-08-06 16:22:52 Clouds unchanged: 'clear skies'
[VERBOSE] 2026-08-06 16:23:48 Forecast changed: 'Forecast high 86 degrees, low 79 degrees, air speed 10 mph' → 'Forecast high 88 degrees, low 77 degrees, air speed 9 mph'
[VERBOSE] 2026-08-06 16:23:48 Rain Chance changed: 'Chance of precipitation 7 percent' → 'Chance of precipitation 9 percent'
[VERBOSE] 2026-08-06 16:23:48 Alerts unchanged: 'No advisories'
[VERBOSE] 2026-08-06 16:23:48 Lightning unchanged: 'Lightning chance low in the area'
[VERBOSE] 2026-08-06 16:23:48 Wind changed: 'Wind from the south at 7 miles per hour' → 'Wind from the south at 12 miles per hour'
[VERBOSE] 2026-08-06 16:23:48 Visibility unchanged: 'Visibility 10 miles'
[VERBOSE] 2026-08-06 16:23:48 Humidity changed: '66%' → '79%'
[VERBOSE] 2026-08-06 16:23:48 Heat Index changed: '93F' → '94F'
[VERBOSE] 2026-08-06 16:23:48 Clouds unchanged: 'clear skies'
[VERBOSE] 2026-08-06 16:24:44 Forecast changed: 'Forecast high 88 degrees, low 77 degrees, air speed 9 mph' → 'Forecast high 86 degrees, low 79 degrees, air speed 10 mph'
[VERBOSE] 2026-08-06 16:24:44 Rain Chance changed: 'Chance of precipitation 9 percent' → 'Chance of precipitation 7 percent'
[VERBOSE] 2026-08-06 16:24:44 Alerts unchanged: 'No advisories'
[VERBOSE] 2026-08-06 16:24:44 Lightning unchanged: 'Lightning chance low in the area'
[VERBOSE] 2026-08-06 16:24:44 Wind changed: 'Wind from the south at 12 miles per hour' → 'Wind from the south at 7 miles per hour'
[VERBOSE] 2026-08-06 16:24:44 Visibility unchanged: 'Visibility 10 miles'
[VERBOSE] 2026-08-06 16:24:44 Humidity changed: '79%' → '66%'
[VERBOSE] 2026-08-06 16:24:44 Heat Index changed: '94F' → '93F'
[VERBOSE] 2026-08-06 16:24:44 Clouds unchanged: 'clear skies'
[VERBOSE] 2026-08-06 16:25:40 Forecast changed: 'Forecast high 86 degrees, low 79 degrees, air speed 10 mph' → 'Forecast high 88 degrees, low 77 degrees, air speed 9 mph'
[VERBOSE] 2026-08-06 16:25:40 Rain Chance changed: 'Chance of precipitation 7 percent' → 'Chance of precipitation 9 percent'
[VERBOSE] 2026-08-06 16:25:40 Alerts unchanged: 'No advisories'
[VERBOSE] 2026-08-06 16:25:40 Lightning unchanged: 'Lightning chance low in the area'
[VERBOSE] 2026-08-06 16:25:40 Wind changed: 'Wind from the south at 7 miles per hour' → 'Wind from the south at 12 miles per hour'
[VERBOSE] 2026-08-06 16:25:40 Visibility unchanged: 'Visibility 10 miles'
[VERBOSE] 2026-08-06 16:25:40 Humidity changed: '66%' → '79%'
[VERBOSE] 2026-08-06 16:25:40 Heat Index changed: '93F' → '94F'
[VERBOSE] 2026-08-06 16:25:40 Clouds unchanged: 'clear skies'
[VERBOSE] 2026-08-06 16:26:36 Forecast changed: 'Forecast high 88 degrees, low 77 degrees, air speed 9 mph' → 'Forecast high 86 degrees, low 79 degrees, air speed 10 mph'
[VERBOSE] 2026-08-06 16:26:37 Rain Chance changed: 'Chance of precipitation 9 percent' → 'Chance of precipitation 7 percent'
[VERBOSE] 2026-08-06 16:26:37 Alerts unchanged: 'No advisories'
[VERBOSE] 2026-08-06 16:26:37 Lightning unchanged: 'Lightning chance low in the area'
[VERBOSE] 2026-08-06 16:26:37 Wind changed: 'Wind from the south at 12 miles per hour' → 'Wind from the south at 7 miles per hour'
[VERBOSE] 2026-08-06 16:26:37 Visibility unchanged: 'Visibility 10 miles'
[VERBOSE] 2026-08-06 16:26:37 Humidity changed: '79%' → '66%'
[VERBOSE] 2026-08-06 16:26:37 Heat Index changed: '94F' → '93F'
[VERBOSE] 2026-08-06 16:26:37 Clouds unchanged: 'clear skies'
[VERBOSE] 2026-08-06 16:27:32 Forecast changed: 'Forecast high 86 degrees, low 79 degrees, air speed 10 mph' → 'Forecast high 88 degrees, low 77 degrees, air speed 9 mph'
[VERBOSE] 2026-08-06 16:27:32 Rain Chance changed: 'Chance of precipitation 7 percent' → 'Chance of precipitation 9 percent'
[VERBOSE] 2026-08-06 16:27:32 Alerts unchanged: 'No advisories'
[VERBOSE] 2026-08-06 16:27:32 Lightning unchanged: 'Lightning chance low in the area'
[VERBOSE] 2026-08-06 16:27:32 Wind changed: 'Wind from the south at 7 miles per hour' → 'Wind from the south at 12 miles per hour'
[VERBOSE] 2026-08-06 16:27:32 Visibility unchanged: 'Visibility 10 miles'
[VERBOSE] 2026-08-06 16:27:32 Humidity changed: '66%' → '79%'
[VERBOSE] 2026-08-06 16:27:32 Heat Index changed: '93F' → '94F'
[VERBOSE] 2026-08-06 16:27:32 Clouds unchanged: 'clear skies'
[VERBOSE] 2026-08-06 16:28:29 Forecast changed: 'Forecast high 88 degrees, low 77 degrees, air speed 9 mph' → 'Forecast high 86 degrees, low 79 degrees, air speed 10 mph'
[VERBOSE] 2026-08-06 16:28:29 Rain Chance changed: 'Chance of precipitation 9 percent' → 'Chance of precipitation 7 percent'
[VERBOSE] 2026-08-06 16:28:29 Alerts unchanged: 'No advisories'
[VERBOSE] 2026-08-06 16:28:29 Lightning unchanged: 'Lightning chance low in the area'
[VERBOSE] 2026-08-06 16:28:29 Wind changed: 'Wind from the south at 12 miles per hour' → 'Wind from the south at 7 miles per hour'
[VERBOSE] 2026-08-06 16:28:29 Visibility unchanged: 'Visibility 10 miles'
[VERBOSE] 2026-08-06 16:28:29 Humidity changed: '79%' → '66%'
[VERBOSE] 2026-08-06 16:28:29 Heat Index changed: '94F' → '93F'
[VERBOSE] 2026-08-06 16:28:29 Clouds unchanged: 'clear skies'
[VERBOSE] 2026-08-06 16:29:25 Forecast changed: 'Forecast high 86 degrees, low 79 degrees, air speed 10 mph' → 'Forecast high 88 degrees, low 77 degrees, air speed 9 mph'
[VERBOSE] 2026-08-06 16:29:25 Rain Chance changed: 'Chance of precipitation 7 percent' → 'Chance of precipitation 9 percent'
[VERBOSE] 2026-08-06 16:29:25 Alerts unchanged: 'No advisories'
[VERBOSE] 2026-08-06 16:29:25 Lightning unchanged: 'Lightning chance low in the area'
[VERBOSE] 2026-08-06 16:29:25 Wind changed: 'Wind from the south at 7 miles per hour' → 'Wind from the south at 12 miles per hour'
[VERBOSE] 2026-08-06 16:29:25 Visibility unchanged: 'Visibility 10 miles'
[VERBOSE] 2026-08-06 16:29:25 Humidity changed: '66%' → '79%'
[VERBOSE] 2026-08-06 16:29:25 Heat Index changed: '93F' → '94F'
[VERBOSE] 2026-08-06 16:29:25 Clouds unchanged: 'clear skies'
[VERBOSE] 2026-08-06 16:30:22 Forecast changed: 'Forecast high 88 degrees, low 77 degrees, air speed 9 mph' → 'Forecast high 86 degrees, low 79 degrees, air speed 10 mph'
[VERBOSE] 2026-08-06 16:30:22 Rain Chance changed: 'Chance of precipitation 9 percent' → 'Chance of precipitation 7 percent'
[VERBOSE] 2026-08-06 16:30:22 Alerts unchanged: 'No advisories'
[VERBOSE] 2026-08-06 16:30:22 Lightning unchanged: 'Lightning chance low in the area'
[VERBOSE] 2026-08-06 16:30:22 Wind changed: 'Wind from the south at 12 miles per hour' → 'Wind from the south at 7 miles per hour'
[VERBOSE] 2026-08-06 16:30:22 Visibility unchanged: 'Visibility 10 miles'
[VERBOSE] 2026-08-06 16:30:22 Humidity changed: '79%' → '66%'
[VERBOSE] 2026-08-06 16:30:22 Heat Index changed: '94F' → '93F'
[VERBOSE] 2026-08-06 16:30:22 Clouds unchanged: 'clear skies'
[VERBOSE] 2026-08-06 16:31:18 Forecast changed: 'Forecast high 86 degrees, low 79 degrees, air speed 10 mph' → 'Forecast high 88 degrees, low 77 degrees, air speed 9 mph'
[VERBOSE] 2026-08-06 16:31:18 Rain Chance changed: 'Chance of precipitation 7 percent' → 'Chance of precipitation 9 percent'
[VERBOSE] 2026-08-06 16:31:18 Alerts unchanged: 'No advisories'
[VERBOSE] 2026-08-06 16:31:18 Lightning unchanged: 'Lightning chance low in the area'
[VERBOSE] 2026-08-06 16:31:18 Wind changed: 'Wind from the south at 7 miles per hour' → 'Wind from the south at 12 miles per hour'
[VERBOSE] 2026-08-06 16:31:18 Visibility unchanged: 'Visibility 10 miles'
[VERBOSE] 2026-08-06 16:31:18 Humidity changed: '66%' → '79%'
[VERBOSE] 2026-08-06 16:31:18 Heat Index changed: '93F' → '94F'
[VERBOSE] 2026-08-06 16:31:18 Clouds unchanged: 'clear skies'
[VERBOSE] 2026-08-06 16:32:15 Forecast changed: 'Forecast high 88 degrees, low 77 degrees, air speed 9 mph' → 'Forecast high 86 degrees, low 79 degrees, air speed 10 mph'
[VERBOSE] 2026-08-06 16:32:15 Rain Chance changed: 'Chance of precipitation 9 percent' → 'Chance of precipitation 7 percent'
[VERBOSE] 2026-08-06 16:32:15 Alerts unchanged: 'No advisories'
[VERBOSE] 2026-08-06 16:32:15 Lightning unchanged: 'Lightning chance low in the area'
[VERBOSE] 2026-08-06 16:32:15 Wind changed: 'Wind from the south at 12 miles per hour' → 'Wind from the south at 7 miles per hour'
[VERBOSE] 2026-08-06 16:32:15 Visibility unchanged: 'Visibility 10 miles'
[VERBOSE] 2026-08-06 16:32:15 Humidity changed: '79%' → '66%'
[VERBOSE] 2026-08-06 16:32:15 Heat Index changed: '94F' → '93F'
[VERBOSE] 2026-08-06 16:32:15 Clouds unchanged: 'clear skies'
[VERBOSE] 2026-08-06 16:33:11 Forecast changed: 'Forecast high 86 degrees, low 79 degrees, air speed 10 mph' → 'Forecast high 88 degrees, low 77 degrees, air speed 9 mph'
[VERBOSE] 2026-08-06 16:33:11 Rain Chance changed: 'Chance of precipitation 7 percent' → 'Chance of precipitation 9 percent'
[VERBOSE] 2026-08-06 16:33:11 Alerts unchanged: 'No advisories'
[VERBOSE] 2026-08-06 16:33:11 Lightning unchanged: 'Lightning chance low in the area'
[VERBOSE] 2026-08-06 16:33:11 Wind changed: 'Wind from the south at 7 miles per hour' → 'Wind from the south at 12 miles per hour'
[VERBOSE] 2026-08-06 16:33:11 Visibility unchanged: 'Visibility 10 miles'
[VERBOSE] 2026-08-06 16:33:11 Humidity changed: '66%' → '79%'
[VERBOSE] 2026-08-06 16:33:11 Heat Index changed: '93F' → '94F'
[VERBOSE] 2026-08-06 16:33:11 Clouds unchanged: 'clear skies'
