[2026-07-05 19:50:53] =========================================
[2026-07-05 19:50:53] Initializing KD4K Master Dashboard Controller
[2026-07-05 19:50:53] =========================================
[2026-07-05 19:50:53] Starting Propagation Engine...
[2026-07-05 19:50:53] Propagation Engine running with PID: 3355157
[2026-07-05 19:50:53] Starting MUF Fallback Daemon...
[2026-07-05 19:50:53] MUF Fallback Daemon running with PID: 3355167
[2026-07-05 19:51:03] CRITICAL: Propagation Engine (PID: 3355157) died unexpectedly!
[2026-07-05 19:51:03] Starting Propagation Engine...
[2026-07-05 19:51:03] Propagation Engine running with PID: 3355257
[2026-07-05 19:51:13] CRITICAL: Propagation Engine (PID: 3355257) died unexpectedly!
[2026-07-05 19:51:13] Starting Propagation Engine...
[2026-07-05 19:51:13] Propagation Engine running with PID: 3355910
[2026-07-05 19:51:23] CRITICAL: Propagation Engine (PID: 3355910) died unexpectedly!
[2026-07-05 19:51:23] Starting Propagation Engine...
[2026-07-05 19:51:23] Propagation Engine running with PID: 3355965
[2026-07-05 19:51:33] CRITICAL: Propagation Engine (PID: 3355965) died unexpectedly!
[2026-07-05 19:51:33] Starting Propagation Engine...
[2026-07-05 19:51:33] Propagation Engine running with PID: 3356439
[2026-07-05 19:51:38] Shutdown signal received. Stopping all child processes...
[2026-07-05 19:51:38] Dashboard controller halted cleanly.
[2026-07-14 16:26:39] =========================================
[2026-07-14 16:26:39] Initializing KD4K Master Dashboard Controller
[2026-07-14 16:26:39] =========================================
[2026-07-14 16:26:39] Starting Propagation Engine...
[2026-07-14 16:26:39] Propagation Engine running with PID: 1066862
[2026-07-14 16:26:39] Starting MUF Fallback Daemon...
[2026-07-14 16:26:39] MUF Fallback Daemon running with PID: 1066869
[2026-07-14 16:26:49] CRITICAL: Propagation Engine (PID: 1066862) died unexpectedly!
[2026-07-14 16:26:49] Starting Propagation Engine...
[2026-07-14 16:26:49] Propagation Engine running with PID: 1066933
[2026-07-14 16:26:59] CRITICAL: Propagation Engine (PID: 1066933) died unexpectedly!
[2026-07-14 16:26:59] Starting Propagation Engine...
[2026-07-14 16:26:59] Propagation Engine running with PID: 1066987
[2026-07-14 16:27:09] CRITICAL: Propagation Engine (PID: 1066987) died unexpectedly!
[2026-07-14 16:27:09] Starting Propagation Engine...
[2026-07-14 16:27:09] Propagation Engine running with PID: 1067060
[2026-07-14 16:27:13] Shutdown signal received. Stopping all child processes...
[2026-07-14 16:27:13] Dashboard controller halted cleanly.
[2026-07-14 16:28:44] =========================================
[2026-07-14 16:28:44] Initializing KD4K Master Dashboard Controller
[2026-07-14 16:28:44] =========================================
[2026-07-14 16:28:44] Starting Propagation Engine...
[2026-07-14 16:28:44] Propagation Engine running with PID: 1068743
[2026-07-14 16:28:44] Starting MUF Fallback Daemon...
[2026-07-14 16:28:44] MUF Fallback Daemon running with PID: 1068753
[2026-07-14 16:28:54] CRITICAL: Propagation Engine (PID: 1068743) died unexpectedly!
[2026-07-14 16:28:54] Starting Propagation Engine...
[2026-07-14 16:28:54] Propagation Engine running with PID: 1068823
[2026-07-14 16:28:56] Shutdown signal received. Stopping all child processes...
[2026-07-14 16:28:56] Dashboard controller halted cleanly.
[2026-07-14 16:30:28] =========================================
[2026-07-14 16:30:28] Initializing KD4K Master Dashboard Controller
[2026-07-14 16:30:28] =========================================
[2026-07-14 16:30:28] Starting Propagation Engine...
[2026-07-14 16:30:28] Propagation Engine running with PID: 1069766
[2026-07-14 16:30:28] Starting MUF Fallback Daemon...
[2026-07-14 16:30:28] MUF Fallback Daemon running with PID: 1069778
[2026-07-14 16:38:42] Shutdown signal received. Stopping all child processes...
[2026-07-14 16:38:42] Dashboard controller halted cleanly.
