Starting Stable Propagation Loop...
[Tue Aug  4 11:46:54 PM EDT 2026] Syncing active environmental matrices...
[Tue Aug  4 11:46:56 PM EDT 2026] Render sequence clear.
[Wed Aug  5 12:01:56 AM EDT 2026] Syncing active environmental matrices...
[Wed Aug  5 12:01:57 AM EDT 2026] Render sequence clear.
[Wed Aug  5 12:16:57 AM EDT 2026] Syncing active environmental matrices...
[Wed Aug  5 12:16:58 AM EDT 2026] Render sequence clear.
[Wed Aug  5 12:31:58 AM EDT 2026] Syncing active environmental matrices...
[Wed Aug  5 12:31:59 AM EDT 2026] Render sequence clear.
[Wed Aug  5 12:46:59 AM EDT 2026] Syncing active environmental matrices...
[Wed Aug  5 12:47:00 AM EDT 2026] Render sequence clear.
[Wed Aug  5 01:02:00 AM EDT 2026] Syncing active environmental matrices...
[Wed Aug  5 01:02:01 AM EDT 2026] Render sequence clear.
[Wed Aug  5 01:17:01 AM EDT 2026] Syncing active environmental matrices...
[Wed Aug  5 01:17:05 AM EDT 2026] Render sequence clear.
[Wed Aug  5 01:32:05 AM EDT 2026] Syncing active environmental matrices...
[Wed Aug  5 01:32:06 AM EDT 2026] Render sequence clear.
[Wed Aug  5 01:47:06 AM EDT 2026] Syncing active environmental matrices...
[Wed Aug  5 01:47:08 AM EDT 2026] Render sequence clear.
[Wed Aug  5 02:02:08 AM EDT 2026] Syncing active environmental matrices...
[Wed Aug  5 02:02:09 AM EDT 2026] Render sequence clear.
[Wed Aug  5 02:17:09 AM EDT 2026] Syncing active environmental matrices...
[Wed Aug  5 02:17:09 AM EDT 2026] Render sequence clear.
[Wed Aug  5 02:32:09 AM EDT 2026] Syncing active environmental matrices...
[Wed Aug  5 02:32:11 AM EDT 2026] Render sequence clear.
[Wed Aug  5 02:47:11 AM EDT 2026] Syncing active environmental matrices...
[Wed Aug  5 02:47:12 AM EDT 2026] Render sequence clear.
[Wed Aug  5 03:02:12 AM EDT 2026] Syncing active environmental matrices...
[Wed Aug  5 03:02:13 AM EDT 2026] Render sequence clear.
[Wed Aug  5 03:17:13 AM EDT 2026] Syncing active environmental matrices...
[Wed Aug  5 03:17:14 AM EDT 2026] Render sequence clear.
[Wed Aug  5 03:32:14 AM EDT 2026] Syncing active environmental matrices...
[Wed Aug  5 03:32:15 AM EDT 2026] Render sequence clear.
[Wed Aug  5 03:47:15 AM EDT 2026] Syncing active environmental matrices...
[Wed Aug  5 03:47:16 AM EDT 2026] Render sequence clear.
[Wed Aug  5 04:02:16 AM EDT 2026] Syncing active environmental matrices...
[Wed Aug  5 04:02:17 AM EDT 2026] Render sequence clear.
[Wed Aug  5 04:17:17 AM EDT 2026] Syncing active environmental matrices...
[Wed Aug  5 04:17:18 AM EDT 2026] Render sequence clear.
[Wed Aug  5 04:32:18 AM EDT 2026] Syncing active environmental matrices...
[Wed Aug  5 04:32:19 AM EDT 2026] Render sequence clear.
[Wed Aug  5 04:47:19 AM EDT 2026] Syncing active environmental matrices...
[Wed Aug  5 04:47:20 AM EDT 2026] Render sequence clear.
[Wed Aug  5 05:02:20 AM EDT 2026] Syncing active environmental matrices...
[Wed Aug  5 05:02:21 AM EDT 2026] Render sequence clear.
[Wed Aug  5 05:17:21 AM EDT 2026] Syncing active environmental matrices...
[Wed Aug  5 05:17:22 AM EDT 2026] Render sequence clear.
[Wed Aug  5 05:32:22 AM EDT 2026] Syncing active environmental matrices...
[Wed Aug  5 05:32:23 AM EDT 2026] Render sequence clear.
[Wed Aug  5 05:47:23 AM EDT 2026] Syncing active environmental matrices...
[Wed Aug  5 05:47:24 AM EDT 2026] Render sequence clear.
[Wed Aug  5 06:02:24 AM EDT 2026] Syncing active environmental matrices...
[Wed Aug  5 06:02:25 AM EDT 2026] Render sequence clear.
[Wed Aug  5 06:17:25 AM EDT 2026] Syncing active environmental matrices...
[Wed Aug  5 06:17:25 AM EDT 2026] Render sequence clear.
[Wed Aug  5 06:32:25 AM EDT 2026] Syncing active environmental matrices...
[Wed Aug  5 06:32:26 AM EDT 2026] Render sequence clear.
[Wed Aug  5 06:47:26 AM EDT 2026] Syncing active environmental matrices...
[Wed Aug  5 06:47:28 AM EDT 2026] Render sequence clear.
[Wed Aug  5 07:02:28 AM EDT 2026] Syncing active environmental matrices...
[Wed Aug  5 07:02:29 AM EDT 2026] Render sequence clear.
[Wed Aug  5 07:17:29 AM EDT 2026] Syncing active environmental matrices...
[Wed Aug  5 07:17:30 AM EDT 2026] Render sequence clear.
[Wed Aug  5 07:32:30 AM EDT 2026] Syncing active environmental matrices...
[Wed Aug  5 07:32:31 AM EDT 2026] Render sequence clear.
[Wed Aug  5 07:47:31 AM EDT 2026] Syncing active environmental matrices...
[Wed Aug  5 07:47:32 AM EDT 2026] Render sequence clear.
[Wed Aug  5 08:02:32 AM EDT 2026] Syncing active environmental matrices...
[Wed Aug  5 08:02:33 AM EDT 2026] Render sequence clear.
[Wed Aug  5 08:17:33 AM EDT 2026] Syncing active environmental matrices...
[Wed Aug  5 08:17:34 AM EDT 2026] Render sequence clear.
[Wed Aug  5 08:32:34 AM EDT 2026] Syncing active environmental matrices...
[Wed Aug  5 08:32:35 AM EDT 2026] Render sequence clear.
[Wed Aug  5 08:47:35 AM EDT 2026] Syncing active environmental matrices...
[Wed Aug  5 08:47:36 AM EDT 2026] Render sequence clear.
[Wed Aug  5 09:02:36 AM EDT 2026] Syncing active environmental matrices...
[Wed Aug  5 09:02:37 AM EDT 2026] Render sequence clear.
[Wed Aug  5 09:17:37 AM EDT 2026] Syncing active environmental matrices...
[Wed Aug  5 09:17:38 AM EDT 2026] Render sequence clear.
[Wed Aug  5 09:32:38 AM EDT 2026] Syncing active environmental matrices...
[Wed Aug  5 09:32:39 AM EDT 2026] Render sequence clear.
[Wed Aug  5 09:47:39 AM EDT 2026] Syncing active environmental matrices...
[Wed Aug  5 09:47:40 AM EDT 2026] Render sequence clear.
[Wed Aug  5 10:02:40 AM EDT 2026] Syncing active environmental matrices...
[Wed Aug  5 10:02:41 AM EDT 2026] Render sequence clear.
[Wed Aug  5 10:17:41 AM EDT 2026] Syncing active environmental matrices...
[Wed Aug  5 10:17:42 AM EDT 2026] Render sequence clear.
[Wed Aug  5 10:32:42 AM EDT 2026] Syncing active environmental matrices...
[Wed Aug  5 10:32:43 AM EDT 2026] Render sequence clear.
[Wed Aug  5 10:47:43 AM EDT 2026] Syncing active environmental matrices...
[Wed Aug  5 10:47:44 AM EDT 2026] Render sequence clear.
[Wed Aug  5 11:02:44 AM EDT 2026] Syncing active environmental matrices...
[Wed Aug  5 11:02:45 AM EDT 2026] Render sequence clear.
[Wed Aug  5 11:17:45 AM EDT 2026] Syncing active environmental matrices...
[Wed Aug  5 11:17:46 AM EDT 2026] Render sequence clear.
[Wed Aug  5 11:32:46 AM EDT 2026] Syncing active environmental matrices...
[Wed Aug  5 11:32:47 AM EDT 2026] Render sequence clear.
[Wed Aug  5 11:47:47 AM EDT 2026] Syncing active environmental matrices...
[Wed Aug  5 11:47:48 AM EDT 2026] Render sequence clear.
[Wed Aug  5 12:02:48 PM EDT 2026] Syncing active environmental matrices...
[Wed Aug  5 12:02:49 PM EDT 2026] Render sequence clear.
[Wed Aug  5 12:17:49 PM EDT 2026] Syncing active environmental matrices...
[Wed Aug  5 12:17:50 PM EDT 2026] Render sequence clear.
[Wed Aug  5 12:32:50 PM EDT 2026] Syncing active environmental matrices...
[Wed Aug  5 12:32:50 PM EDT 2026] Render sequence clear.
[Wed Aug  5 12:47:50 PM EDT 2026] Syncing active environmental matrices...
[Wed Aug  5 12:47:51 PM EDT 2026] Render sequence clear.
[Wed Aug  5 01:02:51 PM EDT 2026] Syncing active environmental matrices...
[Wed Aug  5 01:02:52 PM EDT 2026] Render sequence clear.
[Wed Aug  5 01:17:52 PM EDT 2026] Syncing active environmental matrices...
[Wed Aug  5 01:17:53 PM EDT 2026] Render sequence clear.
[Wed Aug  5 01:32:53 PM EDT 2026] Syncing active environmental matrices...
[Wed Aug  5 01:32:54 PM EDT 2026] Render sequence clear.
[Wed Aug  5 01:47:54 PM EDT 2026] Syncing active environmental matrices...
[Wed Aug  5 01:47:55 PM EDT 2026] Render sequence clear.
[Wed Aug  5 02:02:55 PM EDT 2026] Syncing active environmental matrices...
[Wed Aug  5 02:02:56 PM EDT 2026] Render sequence clear.
[Wed Aug  5 02:17:56 PM EDT 2026] Syncing active environmental matrices...
[Wed Aug  5 02:17:57 PM EDT 2026] Render sequence clear.
[Wed Aug  5 02:32:57 PM EDT 2026] Syncing active environmental matrices...
[Wed Aug  5 02:32:58 PM EDT 2026] Render sequence clear.
[Wed Aug  5 02:47:58 PM EDT 2026] Syncing active environmental matrices...
[Wed Aug  5 02:47:59 PM EDT 2026] Render sequence clear.
[Wed Aug  5 03:02:59 PM EDT 2026] Syncing active environmental matrices...
[Wed Aug  5 03:03:00 PM EDT 2026] Render sequence clear.
[Wed Aug  5 03:18:00 PM EDT 2026] Syncing active environmental matrices...
[Wed Aug  5 03:18:01 PM EDT 2026] Render sequence clear.
[Wed Aug  5 03:33:01 PM EDT 2026] Syncing active environmental matrices...
[Wed Aug  5 03:33:01 PM EDT 2026] Render sequence clear.
[Wed Aug  5 03:48:01 PM EDT 2026] Syncing active environmental matrices...
[Wed Aug  5 03:48:02 PM EDT 2026] Render sequence clear.
[Wed Aug  5 04:03:02 PM EDT 2026] Syncing active environmental matrices...
[Wed Aug  5 04:03:04 PM EDT 2026] Render sequence clear.
[Wed Aug  5 04:18:04 PM EDT 2026] Syncing active environmental matrices...
[Wed Aug  5 04:18:05 PM EDT 2026] Render sequence clear.
[Wed Aug  5 04:33:05 PM EDT 2026] Syncing active environmental matrices...
[Wed Aug  5 04:33:06 PM EDT 2026] Render sequence clear.
[Wed Aug  5 04:48:06 PM EDT 2026] Syncing active environmental matrices...
[Wed Aug  5 04:48:07 PM EDT 2026] Render sequence clear.
[Wed Aug  5 05:03:07 PM EDT 2026] Syncing active environmental matrices...
[Wed Aug  5 05:03:08 PM EDT 2026] Render sequence clear.
[Wed Aug  5 05:18:08 PM EDT 2026] Syncing active environmental matrices...
[Wed Aug  5 05:18:09 PM EDT 2026] Render sequence clear.
[Wed Aug  5 05:33:09 PM EDT 2026] Syncing active environmental matrices...
[Wed Aug  5 05:33:10 PM EDT 2026] Render sequence clear.
[Wed Aug  5 05:48:10 PM EDT 2026] Syncing active environmental matrices...
[Wed Aug  5 05:48:11 PM EDT 2026] Render sequence clear.
[Wed Aug  5 06:03:11 PM EDT 2026] Syncing active environmental matrices...
[Wed Aug  5 06:03:12 PM EDT 2026] Render sequence clear.
[Wed Aug  5 06:18:12 PM EDT 2026] Syncing active environmental matrices...
[Wed Aug  5 06:18:13 PM EDT 2026] Render sequence clear.
[Wed Aug  5 06:33:13 PM EDT 2026] Syncing active environmental matrices...
[Wed Aug  5 06:33:14 PM EDT 2026] Render sequence clear.
[Wed Aug  5 06:48:14 PM EDT 2026] Syncing active environmental matrices...
[Wed Aug  5 06:48:15 PM EDT 2026] Render sequence clear.
[Wed Aug  5 07:03:15 PM EDT 2026] Syncing active environmental matrices...
[Wed Aug  5 07:03:23 PM EDT 2026] Render sequence clear.
[Wed Aug  5 07:18:23 PM EDT 2026] Syncing active environmental matrices...
[Wed Aug  5 07:18:24 PM EDT 2026] Render sequence clear.
[Wed Aug  5 07:33:24 PM EDT 2026] Syncing active environmental matrices...
[Wed Aug  5 07:33:24 PM EDT 2026] Render sequence clear.
[Wed Aug  5 07:48:24 PM EDT 2026] Syncing active environmental matrices...
[Wed Aug  5 07:48:25 PM EDT 2026] Render sequence clear.
[Wed Aug  5 08:03:25 PM EDT 2026] Syncing active environmental matrices...
[Wed Aug  5 08:03:26 PM EDT 2026] Render sequence clear.
[Wed Aug  5 08:18:26 PM EDT 2026] Syncing active environmental matrices...
[Wed Aug  5 08:18:27 PM EDT 2026] Render sequence clear.
[Wed Aug  5 08:33:27 PM EDT 2026] Syncing active environmental matrices...
[Wed Aug  5 08:33:28 PM EDT 2026] Render sequence clear.
[Wed Aug  5 08:48:28 PM EDT 2026] Syncing active environmental matrices...
[Wed Aug  5 08:48:30 PM EDT 2026] Render sequence clear.
[Wed Aug  5 09:03:30 PM EDT 2026] Syncing active environmental matrices...
[Wed Aug  5 09:03:31 PM EDT 2026] Render sequence clear.
[Wed Aug  5 09:18:31 PM EDT 2026] Syncing active environmental matrices...
[Wed Aug  5 09:18:32 PM EDT 2026] Render sequence clear.
[Wed Aug  5 09:33:32 PM EDT 2026] Syncing active environmental matrices...
[Wed Aug  5 09:33:33 PM EDT 2026] Render sequence clear.
[Wed Aug  5 09:48:33 PM EDT 2026] Syncing active environmental matrices...
[Wed Aug  5 09:48:34 PM EDT 2026] Render sequence clear.
[Wed Aug  5 10:03:34 PM EDT 2026] Syncing active environmental matrices...
[Wed Aug  5 10:03:36 PM EDT 2026] Render sequence clear.
[Wed Aug  5 10:18:36 PM EDT 2026] Syncing active environmental matrices...
[Wed Aug  5 10:18:37 PM EDT 2026] Render sequence clear.
[Wed Aug  5 10:33:37 PM EDT 2026] Syncing active environmental matrices...
[Wed Aug  5 10:33:38 PM EDT 2026] Render sequence clear.
[Wed Aug  5 10:48:38 PM EDT 2026] Syncing active environmental matrices...
[Wed Aug  5 10:48:39 PM EDT 2026] Render sequence clear.
[Wed Aug  5 11:03:39 PM EDT 2026] Syncing active environmental matrices...
[Wed Aug  5 11:03:40 PM EDT 2026] Render sequence clear.
[Wed Aug  5 11:18:40 PM EDT 2026] Syncing active environmental matrices...
[Wed Aug  5 11:18:41 PM EDT 2026] Render sequence clear.
[Wed Aug  5 11:33:41 PM EDT 2026] Syncing active environmental matrices...
[Wed Aug  5 11:33:42 PM EDT 2026] Render sequence clear.
[Wed Aug  5 11:48:42 PM EDT 2026] Syncing active environmental matrices...
[Wed Aug  5 11:48:43 PM EDT 2026] Render sequence clear.
[Thu Aug  6 12:03:43 AM EDT 2026] Syncing active environmental matrices...
[Thu Aug  6 12:03:44 AM EDT 2026] Render sequence clear.
[Thu Aug  6 12:18:44 AM EDT 2026] Syncing active environmental matrices...
[Thu Aug  6 12:18:45 AM EDT 2026] Render sequence clear.
[Thu Aug  6 12:33:45 AM EDT 2026] Syncing active environmental matrices...
[Thu Aug  6 12:33:45 AM EDT 2026] Render sequence clear.
[Thu Aug  6 12:48:46 AM EDT 2026] Syncing active environmental matrices...
[Thu Aug  6 12:48:46 AM EDT 2026] Render sequence clear.
[Thu Aug  6 01:03:46 AM EDT 2026] Syncing active environmental matrices...
[Thu Aug  6 01:03:47 AM EDT 2026] Render sequence clear.
[Thu Aug  6 01:18:47 AM EDT 2026] Syncing active environmental matrices...
[Thu Aug  6 01:18:48 AM EDT 2026] Render sequence clear.
[Thu Aug  6 01:33:48 AM EDT 2026] Syncing active environmental matrices...
[Thu Aug  6 01:33:50 AM EDT 2026] Render sequence clear.
[Thu Aug  6 01:48:50 AM EDT 2026] Syncing active environmental matrices...
[Thu Aug  6 01:48:50 AM EDT 2026] Render sequence clear.
[Thu Aug  6 02:03:51 AM EDT 2026] Syncing active environmental matrices...
[Thu Aug  6 02:03:51 AM EDT 2026] Render sequence clear.
[Thu Aug  6 02:18:51 AM EDT 2026] Syncing active environmental matrices...
[Thu Aug  6 02:18:52 AM EDT 2026] Render sequence clear.
[Thu Aug  6 02:33:52 AM EDT 2026] Syncing active environmental matrices...
[Thu Aug  6 02:33:54 AM EDT 2026] Render sequence clear.
[Thu Aug  6 02:48:54 AM EDT 2026] Syncing active environmental matrices...
[Thu Aug  6 02:48:55 AM EDT 2026] Render sequence clear.
[Thu Aug  6 03:03:55 AM EDT 2026] Syncing active environmental matrices...
[Thu Aug  6 03:03:56 AM EDT 2026] Render sequence clear.
[Thu Aug  6 03:18:56 AM EDT 2026] Syncing active environmental matrices...
[Thu Aug  6 03:18:57 AM EDT 2026] Render sequence clear.
[Thu Aug  6 03:33:57 AM EDT 2026] Syncing active environmental matrices...
[Thu Aug  6 03:33:58 AM EDT 2026] Render sequence clear.
[Thu Aug  6 03:48:58 AM EDT 2026] Syncing active environmental matrices...
[Thu Aug  6 03:48:59 AM EDT 2026] Render sequence clear.
[Thu Aug  6 04:03:59 AM EDT 2026] Syncing active environmental matrices...
[Thu Aug  6 04:04:00 AM EDT 2026] Render sequence clear.
[Thu Aug  6 04:19:00 AM EDT 2026] Syncing active environmental matrices...
[Thu Aug  6 04:19:01 AM EDT 2026] Render sequence clear.
[Thu Aug  6 04:34:01 AM EDT 2026] Syncing active environmental matrices...
[Thu Aug  6 04:34:02 AM EDT 2026] Render sequence clear.
[Thu Aug  6 04:49:02 AM EDT 2026] Syncing active environmental matrices...
[Thu Aug  6 04:49:03 AM EDT 2026] Render sequence clear.
[Thu Aug  6 05:04:03 AM EDT 2026] Syncing active environmental matrices...
[Thu Aug  6 05:04:04 AM EDT 2026] Render sequence clear.
[Thu Aug  6 05:19:04 AM EDT 2026] Syncing active environmental matrices...
[Thu Aug  6 05:19:05 AM EDT 2026] Render sequence clear.
[Thu Aug  6 05:34:05 AM EDT 2026] Syncing active environmental matrices...
[Thu Aug  6 05:34:06 AM EDT 2026] Render sequence clear.
[Thu Aug  6 05:49:06 AM EDT 2026] Syncing active environmental matrices...
[Thu Aug  6 05:49:10 AM EDT 2026] Render sequence clear.
[Thu Aug  6 06:04:10 AM EDT 2026] Syncing active environmental matrices...
[Thu Aug  6 06:04:11 AM EDT 2026] Render sequence clear.
[Thu Aug  6 06:19:11 AM EDT 2026] Syncing active environmental matrices...
[Thu Aug  6 06:19:12 AM EDT 2026] Render sequence clear.
[Thu Aug  6 06:34:12 AM EDT 2026] Syncing active environmental matrices...
[Thu Aug  6 06:34:13 AM EDT 2026] Render sequence clear.
[Thu Aug  6 06:49:13 AM EDT 2026] Syncing active environmental matrices...
[Thu Aug  6 06:49:14 AM EDT 2026] Render sequence clear.
[Thu Aug  6 07:04:14 AM EDT 2026] Syncing active environmental matrices...
[Thu Aug  6 07:04:14 AM EDT 2026] Render sequence clear.
[Thu Aug  6 07:19:14 AM EDT 2026] Syncing active environmental matrices...
[Thu Aug  6 07:19:15 AM EDT 2026] Render sequence clear.
[Thu Aug  6 07:34:15 AM EDT 2026] Syncing active environmental matrices...
[Thu Aug  6 07:34:23 AM EDT 2026] Render sequence clear.
[Thu Aug  6 07:49:23 AM EDT 2026] Syncing active environmental matrices...
[Thu Aug  6 07:49:24 AM EDT 2026] Render sequence clear.
[Thu Aug  6 08:04:24 AM EDT 2026] Syncing active environmental matrices...
[Thu Aug  6 08:04:25 AM EDT 2026] Render sequence clear.
[Thu Aug  6 08:19:25 AM EDT 2026] Syncing active environmental matrices...
[Thu Aug  6 08:19:26 AM EDT 2026] Render sequence clear.
[Thu Aug  6 08:34:26 AM EDT 2026] Syncing active environmental matrices...
[Thu Aug  6 08:34:27 AM EDT 2026] Render sequence clear.
[Thu Aug  6 08:49:27 AM EDT 2026] Syncing active environmental matrices...
[Thu Aug  6 08:49:28 AM EDT 2026] Render sequence clear.
[Thu Aug  6 09:04:28 AM EDT 2026] Syncing active environmental matrices...
[Thu Aug  6 09:04:29 AM EDT 2026] Render sequence clear.
[Thu Aug  6 09:19:29 AM EDT 2026] Syncing active environmental matrices...
[Thu Aug  6 09:19:30 AM EDT 2026] Render sequence clear.
[Thu Aug  6 09:34:30 AM EDT 2026] Syncing active environmental matrices...
[Thu Aug  6 09:34:34 AM EDT 2026] Render sequence clear.
[Thu Aug  6 09:49:34 AM EDT 2026] Syncing active environmental matrices...
[Thu Aug  6 09:49:35 AM EDT 2026] Render sequence clear.
[Thu Aug  6 10:04:35 AM EDT 2026] Syncing active environmental matrices...
[Thu Aug  6 10:04:37 AM EDT 2026] Render sequence clear.
[Thu Aug  6 10:19:37 AM EDT 2026] Syncing active environmental matrices...
[Thu Aug  6 10:19:38 AM EDT 2026] Render sequence clear.
[Thu Aug  6 10:34:38 AM EDT 2026] Syncing active environmental matrices...
[Thu Aug  6 10:34:39 AM EDT 2026] Render sequence clear.
[Thu Aug  6 10:49:39 AM EDT 2026] Syncing active environmental matrices...
[Thu Aug  6 10:49:40 AM EDT 2026] Render sequence clear.
[Thu Aug  6 11:04:40 AM EDT 2026] Syncing active environmental matrices...
[Thu Aug  6 11:04:41 AM EDT 2026] Render sequence clear.
[Thu Aug  6 11:19:41 AM EDT 2026] Syncing active environmental matrices...
[Thu Aug  6 11:19:42 AM EDT 2026] Render sequence clear.
[Thu Aug  6 11:34:42 AM EDT 2026] Syncing active environmental matrices...
[Thu Aug  6 11:34:43 AM EDT 2026] Render sequence clear.
[Thu Aug  6 11:49:43 AM EDT 2026] Syncing active environmental matrices...
[Thu Aug  6 11:49:45 AM EDT 2026] Render sequence clear.
[Thu Aug  6 12:04:45 PM EDT 2026] Syncing active environmental matrices...
[Thu Aug  6 12:04:46 PM EDT 2026] Render sequence clear.
[Thu Aug  6 12:19:46 PM EDT 2026] Syncing active environmental matrices...
[Thu Aug  6 12:19:47 PM EDT 2026] Render sequence clear.
[Thu Aug  6 12:34:47 PM EDT 2026] Syncing active environmental matrices...
[Thu Aug  6 12:34:48 PM EDT 2026] Render sequence clear.
[Thu Aug  6 12:49:48 PM EDT 2026] Syncing active environmental matrices...
[Thu Aug  6 12:49:49 PM EDT 2026] Render sequence clear.
[Thu Aug  6 01:04:49 PM EDT 2026] Syncing active environmental matrices...
[Thu Aug  6 01:04:57 PM EDT 2026] Render sequence clear.
[Thu Aug  6 01:19:57 PM EDT 2026] Syncing active environmental matrices...
[Thu Aug  6 01:19:58 PM EDT 2026] Render sequence clear.
[Thu Aug  6 01:34:58 PM EDT 2026] Syncing active environmental matrices...
[Thu Aug  6 01:34:59 PM EDT 2026] Render sequence clear.
[Thu Aug  6 01:49:59 PM EDT 2026] Syncing active environmental matrices...
[Thu Aug  6 01:50:00 PM EDT 2026] Render sequence clear.
[Thu Aug  6 02:05:00 PM EDT 2026] Syncing active environmental matrices...
[Thu Aug  6 02:05:01 PM EDT 2026] Render sequence clear.
[Thu Aug  6 02:20:01 PM EDT 2026] Syncing active environmental matrices...
[Thu Aug  6 02:20:02 PM EDT 2026] Render sequence clear.
[Thu Aug  6 02:35:02 PM EDT 2026] Syncing active environmental matrices...
[Thu Aug  6 02:35:03 PM EDT 2026] Render sequence clear.
[Thu Aug  6 02:50:03 PM EDT 2026] Syncing active environmental matrices...
[Thu Aug  6 02:50:04 PM EDT 2026] Render sequence clear.
[Thu Aug  6 03:05:04 PM EDT 2026] Syncing active environmental matrices...
[Thu Aug  6 03:05:05 PM EDT 2026] Render sequence clear.
[Thu Aug  6 03:20:05 PM EDT 2026] Syncing active environmental matrices...
[Thu Aug  6 03:20:06 PM EDT 2026] Render sequence clear.
[Thu Aug  6 03:35:06 PM EDT 2026] Syncing active environmental matrices...
[Thu Aug  6 03:35:07 PM EDT 2026] Render sequence clear.
[Thu Aug  6 03:50:07 PM EDT 2026] Syncing active environmental matrices...
[Thu Aug  6 03:50:08 PM EDT 2026] Render sequence clear.
[Thu Aug  6 04:05:08 PM EDT 2026] Syncing active environmental matrices...
[Thu Aug  6 04:05:09 PM EDT 2026] Render sequence clear.
[Thu Aug  6 04:20:09 PM EDT 2026] Syncing active environmental matrices...
[Thu Aug  6 04:20:10 PM EDT 2026] Render sequence clear.
[Thu Aug  6 04:35:10 PM EDT 2026] Syncing active environmental matrices...
[Thu Aug  6 04:35:11 PM EDT 2026] Render sequence clear.
